PASS ru 360: free + five spreads, details/back, cancellation, reset, rotation, orientation
PASS en 360: free + five spreads, details/back, cancellation, reset, rotation, orientation
PASS zh 360: free + five spreads, details/back, cancellation, reset, rotation, orientation
PASS zh-TW 360: free + five spreads, details/back, cancellation, reset, rotation, orientation
PASS en 390: free + five spreads, details/back, cancellation, reset, rotation, orientation
PASS ru 390: free + five spreads, details/back, cancellation, reset, rotation, orientation
PASS zh 390: free + five spreads, details/back, cancellation, reset, rotation, orientation
PASS zh-TW 390: free + five spreads, details/back, cancellation, reset, rotation, orientation
PASS en 430: free + five spreads, details/back, cancellation, reset, rotation, orientation
PASS ru 430: free + five spreads, details/back, cancellation, reset, rotation, orientation
PASS zh 430: free + five spreads, details/back, cancellation, reset, rotation, orientation
PASS zh-TW 430: free + five spreads, details/back, cancellation, reset, rotation, orientation
PASS ru 1440: free + five spreads, details/back, cancellation, reset, rotation, orientation
PASS en 1440: free + five spreads, details/back, cancellation, reset, rotation, orientation
PASS zh 1440: free + five spreads, details/back, cancellation, reset, rotation, orientation
PASS zh-TW 1440: free + five spreads, details/back, cancellation, reset, rotation, orientation
PASS 32/32 mode/locale/viewport cases
PASS en/reduce: real deck order, tuck layers, keyboard/touch, repeated/cancelled drops, reading preservation, structured deal, no version UI
PASS en/no-preference: real deck order, tuck layers, keyboard/touch, repeated/cancelled drops, reading preservation, structured deal, no version UI
PASS zh/reduce: real deck order, tuck layers, keyboard/touch, repeated/cancelled drops, reading preservation, structured deal, no version UI
PASS zh/no-preference: real deck order, tuck layers, keyboard/touch, repeated/cancelled drops, reading preservation, structured deal, no version UI
PASS zh-TW/reduce: real deck order, tuck layers, keyboard/touch, repeated/cancelled drops, reading preservation, structured deal, no version UI
PASS zh-TW/no-preference: real deck order, tuck layers, keyboard/touch, repeated/cancelled drops, reading preservation, structured deal, no version UI
PASS ru/reduce: real deck order, tuck layers, keyboard/touch, repeated/cancelled drops, reading preservation, structured deal, no version UI
PASS ru/no-preference: real deck order, tuck layers, keyboard/touch, repeated/cancelled drops, reading preservation, structured deal, no version UI
PASS 1280px: select, draw/reveal/return/reset, Back/Forward, title and slot count agree
PASS 390px: select, draw/reveal/return/reset, Back/Forward, title and slot count agree
PASS 320px: select, draw/reveal/return/reset, Back/Forward, title and slot count agree
