PASS en directory: 64 complete links, accessible diagrams, metadata and ItemList
PASS en: 64 full manuscripts, all classical quotes/line explanations, six-line diagrams, metadata and sources
PASS zh directory: 64 complete links, accessible diagrams, metadata and ItemList
PASS zh: 64 full manuscripts, all classical quotes/line explanations, six-line diagrams, metadata and sources
PASS zh-TW directory: 64 complete links, accessible diagrams, metadata and ItemList
PASS zh-TW: 64 full manuscripts, all classical quotes/line explanations, six-line diagrams, metadata and sources
PASS ru directory: 64 complete links, accessible diagrams, metadata and ItemList
PASS ru: 64 full manuscripts, all classical quotes/line explanations, six-line diagrams, metadata and sources
PASS 256/256 complete article editions + 4 directories; invalid IDs return 404
PASS /journal/why-the-four-fours-differ?locale=zh-TW
PASS /journal/why-the-four-fours-differ?locale=ru
PASS /journal/why-the-four-fours-differ
PASS /journal/why-the-four-fours-differ?locale=zh
PASS /journal/how-to-connect-three-tarot-cards
PASS /journal/how-to-connect-three-tarot-cards?locale=zh
PASS /journal/how-to-connect-three-tarot-cards?locale=zh-TW
PASS /journal/how-to-connect-three-tarot-cards?locale=ru
PASS /journal/tarot-from-game-to-occult-traditions
PASS /journal/tarot-from-game-to-occult-traditions?locale=zh
PASS /journal/tarot-from-game-to-occult-traditions?locale=zh-TW
PASS /journal/tarot-from-game-to-occult-traditions?locale=ru
PASS /journal/pamela-colman-smith-tarot-artist?locale=zh-TW
PASS /journal/pamela-colman-smith-tarot-artist?locale=zh
PASS /journal/pamela-colman-smith-tarot-artist
PASS /journal/pamela-colman-smith-tarot-artist?locale=ru
PASS /journal/how-to-read-three-card-tarot
PASS /journal/how-to-read-three-card-tarot?locale=zh-TW
PASS /journal/how-to-read-three-card-tarot?locale=zh
PASS /journal/how-to-read-three-card-tarot?locale=ru
PASS /journal/five-elements-relationship-compatibility?locale=zh-TW
PASS /journal/five-elements-relationship-compatibility?locale=zh
PASS /journal/five-elements-relationship-compatibility
PASS /journal/five-elements-relationship-compatibility?locale=ru
PASS /journal/yuelao-love-fortune-conversation
PASS /journal/yuelao-love-fortune-conversation?locale=zh-TW
PASS /journal/yuelao-love-fortune-conversation?locale=ru
PASS /journal/yuelao-love-fortune-conversation?locale=zh
PASS /journal/bazi-vs-chinese-zodiac-compatibility
PASS /journal/bazi-vs-chinese-zodiac-compatibility?locale=ru
PASS /journal/bazi-vs-chinese-zodiac-compatibility?locale=zh-TW
PASS /journal/bazi-vs-chinese-zodiac-compatibility?locale=zh
PASS /journal/compatibility-without-birth-time?locale=ru
PASS /journal/compatibility-without-birth-time
PASS /journal/compatibility-without-birth-time?locale=zh
PASS /journal/compatibility-without-birth-time?locale=zh-TW
PASS /journal/how-to-ask-fortune-sticks
PASS /journal/how-to-ask-fortune-sticks?locale=zh
PASS /journal/how-to-ask-fortune-sticks?locale=ru
PASS /journal/how-to-ask-fortune-sticks?locale=zh-TW
PASS /journal/fortune-stick-number-and-edition
PASS /journal/fortune-stick-number-and-edition?locale=zh
PASS /journal/fortune-stick-number-and-edition?locale=zh-TW
PASS /journal/fortune-stick-number-and-edition?locale=ru
PASS /journal/crystal-bracelet-care
PASS /journal/crystal-bracelet-care?locale=ru
PASS /journal/crystal-bracelet-care?locale=zh
PASS /journal/crystal-bracelet-care?locale=zh-TW
PASS /journal/jia-zi-day-pillar?locale=zh
PASS /journal/jia-zi-day-pillar
PASS /journal/jia-zi-day-pillar?locale=zh-TW
PASS /journal/jia-zi-day-pillar?locale=ru
PASS /journal/yi-chou-day-pillar
PASS /journal/yi-chou-day-pillar?locale=zh-TW
PASS /journal/yi-chou-day-pillar?locale=zh
PASS /journal/yi-chou-day-pillar?locale=ru
PASS /journal/bing-yin-day-pillar?locale=zh
PASS /journal/bing-yin-day-pillar
PASS /journal/bing-yin-day-pillar?locale=zh-TW
PASS /journal/bing-yin-day-pillar?locale=ru
PASS /journal/ding-mao-day-pillar
PASS /journal/ding-mao-day-pillar?locale=zh
PASS /journal/ding-mao-day-pillar?locale=ru
PASS /journal/ding-mao-day-pillar?locale=zh-TW
PASS /journal/wu-chen-day-pillar
PASS /journal/wu-chen-day-pillar?locale=zh
PASS /journal/wu-chen-day-pillar?locale=zh-TW
PASS /journal/wu-chen-day-pillar?locale=ru
PASS /journal/ji-si-day-pillar?locale=zh
PASS /journal/ji-si-day-pillar?locale=zh-TW
PASS /journal/ji-si-day-pillar?locale=ru
PASS /journal/ji-si-day-pillar
PASS /journal/geng-wu-day-pillar?locale=zh
PASS /journal/geng-wu-day-pillar?locale=zh-TW
PASS /journal/geng-wu-day-pillar
PASS /journal/geng-wu-day-pillar?locale=ru
PASS /journal/xin-wei-day-pillar
PASS /journal/xin-wei-day-pillar?locale=zh
PASS /journal/xin-wei-day-pillar?locale=zh-TW
PASS /journal/xin-wei-day-pillar?locale=ru
PASS /journal/ren-shen-day-pillar
PASS /journal/ren-shen-day-pillar?locale=zh
PASS /journal/ren-shen-day-pillar?locale=zh-TW
PASS /journal/ren-shen-day-pillar?locale=ru
PASS /journal/gui-you-day-pillar
PASS /journal/gui-you-day-pillar?locale=zh
PASS /journal/gui-you-day-pillar?locale=ru
PASS /journal/gui-you-day-pillar?locale=zh-TW
PASS /journal/jia-xu-day-pillar
PASS /journal/jia-xu-day-pillar?locale=zh
PASS /journal/jia-xu-day-pillar?locale=zh-TW
PASS /journal/jia-xu-day-pillar?locale=ru
PASS /journal/yi-hai-day-pillar
PASS /journal/yi-hai-day-pillar?locale=zh-TW
PASS /journal/yi-hai-day-pillar?locale=zh
PASS /journal/yi-hai-day-pillar?locale=ru
PASS /journal/bing-zi-day-pillar?locale=zh
PASS /journal/bing-zi-day-pillar
PASS /journal/bing-zi-day-pillar?locale=zh-TW
PASS /journal/bing-zi-day-pillar?locale=ru
PASS /journal/ding-chou-day-pillar
PASS /journal/ding-chou-day-pillar?locale=zh
PASS /journal/ding-chou-day-pillar?locale=zh-TW
PASS /journal/ding-chou-day-pillar?locale=ru
PASS /journal/wu-yin-day-pillar
PASS /journal/wu-yin-day-pillar?locale=zh
PASS /journal/wu-yin-day-pillar?locale=ru
PASS /journal/wu-yin-day-pillar?locale=zh-TW
PASS /journal/ji-mao-day-pillar
PASS /journal/ji-mao-day-pillar?locale=zh
PASS /journal/ji-mao-day-pillar?locale=zh-TW
PASS /journal/ji-mao-day-pillar?locale=ru
PASS /journal/geng-chen-day-pillar?locale=zh-TW
PASS /journal/geng-chen-day-pillar
PASS /journal/geng-chen-day-pillar?locale=zh
PASS /journal/geng-chen-day-pillar?locale=ru
PASS /journal/xin-si-day-pillar?locale=zh
PASS /journal/xin-si-day-pillar?locale=zh-TW
PASS /journal/xin-si-day-pillar
PASS /journal/xin-si-day-pillar?locale=ru
PASS /journal/ren-wu-day-pillar
PASS /journal/ren-wu-day-pillar?locale=zh-TW
PASS /journal/ren-wu-day-pillar?locale=ru
PASS /journal/ren-wu-day-pillar?locale=zh
PASS /journal/gui-wei-day-pillar
PASS /journal/gui-wei-day-pillar?locale=zh
PASS /journal/gui-wei-day-pillar?locale=zh-TW
PASS /journal/gui-wei-day-pillar?locale=ru
PASS /journal/jia-shen-day-pillar
PASS /journal/jia-shen-day-pillar?locale=zh
PASS /journal/jia-shen-day-pillar?locale=zh-TW
PASS /journal/jia-shen-day-pillar?locale=ru
PASS /journal/yi-you-day-pillar
PASS /journal/yi-you-day-pillar?locale=zh
PASS /journal/yi-you-day-pillar?locale=zh-TW
PASS /journal/yi-you-day-pillar?locale=ru
PASS /journal/bing-xu-day-pillar
PASS /journal/bing-xu-day-pillar?locale=zh-TW
PASS /journal/bing-xu-day-pillar?locale=ru
PASS /journal/bing-xu-day-pillar?locale=zh
PASS /journal/ding-hai-day-pillar
PASS /journal/ding-hai-day-pillar?locale=zh-TW
PASS /journal/ding-hai-day-pillar?locale=zh
PASS /journal/ding-hai-day-pillar?locale=ru
PASS /journal/wu-zi-day-pillar?locale=zh
PASS /journal/wu-zi-day-pillar
PASS /journal/wu-zi-day-pillar?locale=zh-TW
PASS /journal/wu-zi-day-pillar?locale=ru
PASS /journal/ji-chou-day-pillar
PASS /journal/ji-chou-day-pillar?locale=zh
PASS /journal/ji-chou-day-pillar?locale=zh-TW
PASS /journal/ji-chou-day-pillar?locale=ru
PASS /journal/geng-yin-day-pillar
PASS /journal/geng-yin-day-pillar?locale=zh
PASS /journal/geng-yin-day-pillar?locale=zh-TW
PASS /journal/geng-yin-day-pillar?locale=ru
PASS /journal/xin-mao-day-pillar?locale=zh
PASS /journal/xin-mao-day-pillar
PASS /journal/xin-mao-day-pillar?locale=ru
PASS /journal/xin-mao-day-pillar?locale=zh-TW
PASS /journal/ren-chen-day-pillar
PASS /journal/ren-chen-day-pillar?locale=zh
PASS /journal/ren-chen-day-pillar?locale=zh-TW
PASS /journal/ren-chen-day-pillar?locale=ru
PASS /journal/gui-si-day-pillar
PASS /journal/gui-si-day-pillar?locale=zh-TW
PASS /journal/gui-si-day-pillar?locale=ru
PASS /journal/gui-si-day-pillar?locale=zh
PASS /journal/jia-wu-day-pillar
PASS /journal/jia-wu-day-pillar?locale=zh
PASS /journal/jia-wu-day-pillar?locale=zh-TW
PASS /journal/jia-wu-day-pillar?locale=ru
PASS /journal/yi-wei-day-pillar
PASS /journal/yi-wei-day-pillar?locale=zh
PASS /journal/yi-wei-day-pillar?locale=zh-TW
PASS /journal/yi-wei-day-pillar?locale=ru
PASS /journal/bing-shen-day-pillar
PASS /journal/bing-shen-day-pillar?locale=zh-TW
PASS /journal/bing-shen-day-pillar?locale=zh
PASS /journal/bing-shen-day-pillar?locale=ru
PASS /journal/ding-you-day-pillar?locale=zh
PASS /journal/ding-you-day-pillar
PASS /journal/ding-you-day-pillar?locale=ru
PASS /journal/ding-you-day-pillar?locale=zh-TW
PASS /journal/wu-xu-day-pillar
PASS /journal/wu-xu-day-pillar?locale=zh
PASS /journal/wu-xu-day-pillar?locale=zh-TW
PASS /journal/wu-xu-day-pillar?locale=ru
PASS /journal/ji-hai-day-pillar?locale=zh
PASS /journal/ji-hai-day-pillar
PASS /journal/ji-hai-day-pillar?locale=ru
PASS /journal/ji-hai-day-pillar?locale=zh-TW
PASS /journal/geng-zi-day-pillar
PASS /journal/geng-zi-day-pillar?locale=zh
PASS /journal/geng-zi-day-pillar?locale=zh-TW
PASS /journal/geng-zi-day-pillar?locale=ru
PASS /journal/xin-chou-day-pillar
PASS /journal/xin-chou-day-pillar?locale=zh
PASS /journal/xin-chou-day-pillar?locale=zh-TW
PASS /journal/xin-chou-day-pillar?locale=ru
PASS /journal/ren-yin-day-pillar
PASS /journal/ren-yin-day-pillar?locale=zh
PASS /journal/ren-yin-day-pillar?locale=zh-TW
PASS /journal/ren-yin-day-pillar?locale=ru
PASS /journal/gui-mao-day-pillar?locale=zh
PASS /journal/gui-mao-day-pillar?locale=zh-TW
PASS /journal/gui-mao-day-pillar
PASS /journal/gui-mao-day-pillar?locale=ru
PASS /journal/jia-chen-day-pillar
PASS /journal/jia-chen-day-pillar?locale=ru
PASS /journal/jia-chen-day-pillar?locale=zh
PASS /journal/jia-chen-day-pillar?locale=zh-TW
PASS /journal/yi-si-day-pillar?locale=zh
PASS /journal/yi-si-day-pillar
PASS /journal/yi-si-day-pillar?locale=zh-TW
PASS /journal/yi-si-day-pillar?locale=ru
PASS /journal/bing-wu-day-pillar
PASS /journal/bing-wu-day-pillar?locale=zh
PASS /journal/bing-wu-day-pillar?locale=zh-TW
PASS /journal/bing-wu-day-pillar?locale=ru
PASS /journal/ding-wei-day-pillar?locale=zh
PASS /journal/ding-wei-day-pillar?locale=ru
PASS /journal/ding-wei-day-pillar?locale=zh-TW
PASS /journal/ding-wei-day-pillar
PASS /journal/wu-shen-day-pillar?locale=zh
PASS /journal/wu-shen-day-pillar
PASS /journal/wu-shen-day-pillar?locale=zh-TW
PASS /journal/wu-shen-day-pillar?locale=ru
PASS /journal/ji-you-day-pillar?locale=zh
PASS /journal/ji-you-day-pillar
PASS /journal/ji-you-day-pillar?locale=zh-TW
PASS /journal/ji-you-day-pillar?locale=ru
PASS /journal/geng-xu-day-pillar?locale=zh-TW
PASS /journal/geng-xu-day-pillar
PASS /journal/geng-xu-day-pillar?locale=zh
PASS /journal/geng-xu-day-pillar?locale=ru
PASS /journal/xin-hai-day-pillar
PASS /journal/xin-hai-day-pillar?locale=zh
PASS /journal/xin-hai-day-pillar?locale=zh-TW
PASS /journal/xin-hai-day-pillar?locale=ru
PASS /journal/ren-zi-day-pillar
PASS /journal/ren-zi-day-pillar?locale=ru
PASS /journal/ren-zi-day-pillar?locale=zh
PASS /journal/ren-zi-day-pillar?locale=zh-TW
PASS /journal/gui-chou-day-pillar
PASS /journal/gui-chou-day-pillar?locale=zh-TW
PASS /journal/gui-chou-day-pillar?locale=zh
PASS /journal/gui-chou-day-pillar?locale=ru
PASS /journal/jia-yin-day-pillar
PASS /journal/jia-yin-day-pillar?locale=zh
PASS /journal/jia-yin-day-pillar?locale=zh-TW
PASS /journal/jia-yin-day-pillar?locale=ru
PASS /journal/yi-mao-day-pillar?locale=zh-TW
PASS /journal/yi-mao-day-pillar
PASS /journal/yi-mao-day-pillar?locale=zh
PASS /journal/yi-mao-day-pillar?locale=ru
PASS /journal/bing-chen-day-pillar
PASS /journal/bing-chen-day-pillar?locale=zh
PASS /journal/bing-chen-day-pillar?locale=zh-TW
PASS /journal/bing-chen-day-pillar?locale=ru
PASS /journal/ding-si-day-pillar
PASS /journal/ding-si-day-pillar?locale=zh-TW
PASS /journal/ding-si-day-pillar?locale=ru
PASS /journal/ding-si-day-pillar?locale=zh
PASS /journal/wu-wu-day-pillar?locale=zh
PASS /journal/wu-wu-day-pillar?locale=ru
PASS /journal/wu-wu-day-pillar
PASS /journal/wu-wu-day-pillar?locale=zh-TW
PASS /journal/ji-wei-day-pillar
PASS /journal/ji-wei-day-pillar?locale=zh
PASS /journal/ji-wei-day-pillar?locale=ru
PASS /journal/ji-wei-day-pillar?locale=zh-TW
PASS /journal/geng-shen-day-pillar?locale=zh
PASS /journal/geng-shen-day-pillar?locale=zh-TW
PASS /journal/geng-shen-day-pillar?locale=ru
PASS /journal/geng-shen-day-pillar
PASS /journal/xin-you-day-pillar
PASS /journal/xin-you-day-pillar?locale=zh-TW
PASS /journal/xin-you-day-pillar?locale=ru
PASS /journal/xin-you-day-pillar?locale=zh
PASS /journal/ren-xu-day-pillar?locale=zh-TW
PASS /journal/ren-xu-day-pillar?locale=ru
PASS /journal/ren-xu-day-pillar?locale=zh
PASS /journal/ren-xu-day-pillar
PASS /journal/gui-hai-day-pillar
PASS /journal/gui-hai-day-pillar?locale=zh
PASS /journal/gui-hai-day-pillar?locale=zh-TW
PASS /journal/gui-hai-day-pillar?locale=ru
PASS /journal/what-is-a-day-pillar
PASS /journal/what-is-a-day-pillar?locale=zh-TW
PASS /journal/what-is-a-day-pillar?locale=zh
PASS /journal/what-is-a-day-pillar?locale=ru
PASS /journal/prepare-birth-date-time-place
PASS /journal/prepare-birth-date-time-place?locale=zh
PASS /journal/prepare-birth-date-time-place?locale=zh-TW
PASS /journal/prepare-birth-date-time-place?locale=ru
PASS /journal/five-element-bracelet-design?locale=zh-TW
PASS /journal/five-element-bracelet-design?locale=zh
PASS /journal/five-element-bracelet-design?locale=ru
PASS /journal/five-element-bracelet-design
Verified 300 article editions, sitemap/metadata and product links.
PASS /astrology: rendered guide, metadata, language cluster, schema, sitemap, links
PASS /astrology?locale=zh: rendered guide, metadata, language cluster, schema, sitemap, links
PASS /astrology?locale=zh-TW: rendered guide, metadata, language cluster, schema, sitemap, links
PASS /astrology?locale=ru: rendered guide, metadata, language cluster, schema, sitemap, links
PASS /tarot: rendered guide, metadata, language cluster, schema, sitemap, links
PASS /tarot?locale=zh: rendered guide, metadata, language cluster, schema, sitemap, links
PASS /tarot?locale=zh-TW: rendered guide, metadata, language cluster, schema, sitemap, links
PASS /tarot?locale=ru: rendered guide, metadata, language cluster, schema, sitemap, links
Verified 8 tool editions and homepage/guide entry links. This does not establish search indexing or traffic.
