PASS en/320: directory + five articles, six-line diagrams, full headings, title and responsive fit
PASS en/390: directory + five articles, six-line diagrams, full headings, title and responsive fit
PASS en/430: directory + five articles, six-line diagrams, full headings, title and responsive fit
PASS en/1440: directory + five articles, six-line diagrams, full headings, title and responsive fit
PASS en: keyboard/Back, article → Oracle → correct Tai/Pi/Jiji/Weiji articles in new tabs, cast preserved, language metadata, zero API writes
PASS zh/320: directory + five articles, six-line diagrams, full headings, title and responsive fit
PASS zh/390: directory + five articles, six-line diagrams, full headings, title and responsive fit
PASS zh/430: directory + five articles, six-line diagrams, full headings, title and responsive fit
PASS zh/1440: directory + five articles, six-line diagrams, full headings, title and responsive fit
PASS zh: keyboard/Back, article → Oracle → correct Tai/Pi/Jiji/Weiji articles in new tabs, cast preserved, language metadata, zero API writes
PASS zh-TW/320: directory + five articles, six-line diagrams, full headings, title and responsive fit
PASS zh-TW/390: directory + five articles, six-line diagrams, full headings, title and responsive fit
PASS zh-TW/430: directory + five articles, six-line diagrams, full headings, title and responsive fit
PASS zh-TW/1440: directory + five articles, six-line diagrams, full headings, title and responsive fit
PASS zh-TW: keyboard/Back, article → Oracle → correct Tai/Pi/Jiji/Weiji articles in new tabs, cast preserved, language metadata, zero API writes
PASS ru/320: directory + five articles, six-line diagrams, full headings, title and responsive fit
PASS ru/390: directory + five articles, six-line diagrams, full headings, title and responsive fit
PASS ru/430: directory + five articles, six-line diagrams, full headings, title and responsive fit
PASS ru/1440: directory + five articles, six-line diagrams, full headings, title and responsive fit
PASS ru: keyboard/Back, article → Oracle → correct Tai/Pi/Jiji/Weiji articles in new tabs, cast preserved, language metadata, zero API writes
